Tue 05/14/2024 
10:15 AM
$PROBLEM    Dual Numbers benchmark - NONMEM
$ABBR DERIV2=NO 
$INPUT       ID TIME AMT DV WT
$DATA      c:/git/ADrepo/data/sim_0_5_0_0.csv IGNORE=@
  ;; data file name must match out file name in the template file for simulations in data folder
  ;;from data\template.txt
  ;; $TABLE ID TIME AMT IOBS EVID WT FILE=c:\git\dual_numbers\data\OUT_0_5_0_0.DAT NOPRINT NOHEADER NOAPPEND
  ;; and file read/write in make_data.r
  ;; file_name <- paste0(this_comp,"_",this_eta,"_",this_vwt,"_",this_gamma)
$SUBROUTINE ADVAN6 TOL=7
$MODEL
  COMP=(DEPOT,DEFDOSE)
  COMP=(CENTRAL,NODOSE,DEFOBS)

$PK      
  CWT = WT/70 

  TVVMAX= THETA(1)   
  VMAX=TVVMAX*EXP(ETA(1)) 
  TVKM = THETA(2)
  KM = TVKM *EXP(ETA(2))  
  TVV2=THETA(3) 
  V2=TVV2 *EXP(ETA(3))    
  TVKA=THETA(4) 
  KA=TVKA   

  SC = V2
$ERROR    

  Y=F*EXP(EPS(2)) + EPS(1)
$DES
  CONC = A(2)/SC
  DADT(1) = -KA*A(1)
  DADT(2) =  KA*A(1)-VMAX*CONC/(KM+CONC) 


$THETA   
  (100,1200,3000)	; THETA(1) VMAX UNITS =  mass/time
  (100,1200,3000)	; THETA(2) KM UNITS = mass/volume
  (1,15,40) 		; THETA(3) V  UNITS = volume
  (0.01,1.2,3) 		; THETA(4) KA UNITS = 1/time    



  ;; Start OMEGA
$OMEGA  BLOCK(3)
  0.1		; ETA(1) ETA ON VMAX
  0.05 0.1		; ETA(2) ETA ON KM
  0.05 0.05 0.1		; ETA(3) ETA ON V2
$SIGMA     
  (1) ;; EPS(1) ADDITIVE
  (0.3) ;; EPS(2) PROPORTIONAL
$EST METHOD=COND INTER MAXEVALS=9999 NOHABORT NOOMEGABOUNDTEST NOSIGMABOUNDTEST NOTHETABOUNDTEST
$COV UNCOND PRECOND=2
  ;;; Model Identifier =  0,5,0,0

;; Phenotype: ([('COMP', 0), ('ETAs', 5), ('V~WT', 0), ('GAMMA', 0)])
;; Genotype: [0, 5, 0, 0]
;; Num non-influential tokens: 0

  
NM-TRAN MESSAGES 
  
 WARNINGS AND ERRORS (IF ANY) FOR PROBLEM    1
             
 (WARNING  2) NM-TRAN INFERS THAT THE DATA ARE POPULATION.
  
License Registered to: Certara USA
Expiration Date:    14 MAR 2025
Current Date:       14 MAY 2024
Days until program expires : 305
1NONLINEAR MIXED EFFECTS MODEL PROGRAM (NONMEM) VERSION 7.5.1
 ORIGINALLY DEVELOPED BY STUART BEAL, LEWIS SHEINER, AND ALISON BOECKMANN
 CURRENT DEVELOPERS ARE ROBERT BAUER, ICON DEVELOPMENT SOLUTIONS,
 AND ALISON BOECKMANN. IMPLEMENTATION, EFFICIENCY, AND STANDARDIZATION
 PERFORMED BY NOUS INFOSYSTEMS.

 PROBLEM NO.:         1
 Dual Numbers benchmark - NONMEM
0DATA CHECKOUT RUN:              NO
 DATA SET LOCATED ON UNIT NO.:    2
 THIS UNIT TO BE REWOUND:        NO
 NO. OF DATA RECS IN DATA SET:      480
 NO. OF DATA ITEMS IN DATA SET:   7
 ID DATA ITEM IS DATA ITEM NO.:   1
 DEP VARIABLE IS DATA ITEM NO.:   4
 MDV DATA ITEM IS DATA ITEM NO.:  7
0INDICES PASSED TO SUBROUTINE PRED:
   6   2   3   0   0   0   0   0   0   0   0
0LABELS FOR DATA ITEMS:
 ID TIME AMT DV WT EVID MDV
0FORMAT FOR DATA:
 (5E7.0,2F2.0)

 TOT. NO. OF OBS RECS:      420
 TOT. NO. OF INDIVIDUALS:       60
0LENGTH OF THETA:   4
0DEFAULT THETA BOUNDARY TEST OMITTED:   YES
0OMEGA HAS BLOCK FORM:
  1
  1  1
  1  1  1
0DEFAULT OMEGA BOUNDARY TEST OMITTED:   YES
0SIGMA HAS SIMPLE DIAGONAL FORM WITH DIMENSION:   2
0DEFAULT SIGMA BOUNDARY TEST OMITTED:   YES
0INITIAL ESTIMATE OF THETA:
 LOWER BOUND    INITIAL EST    UPPER BOUND
  0.1000E+03     0.1200E+04     0.3000E+04
  0.1000E+03     0.1200E+04     0.3000E+04
  0.1000E+01     0.1500E+02     0.4000E+02
  0.1000E-01     0.1200E+01     0.3000E+01
0INITIAL ESTIMATE OF OMEGA:
 BLOCK SET NO.   BLOCK                                                                    FIXED
        1                                                                                   NO
                  0.1000E+00
                  0.5000E-01   0.1000E+00
                  0.5000E-01   0.5000E-01   0.1000E+00
0INITIAL ESTIMATE OF SIGMA:
 0.1000E+01
 0.0000E+00   0.3000E+00
0COVARIANCE STEP OMITTED:        NO
 EIGENVLS. PRINTED:              NO
 SPECIAL COMPUTATION:            NO
 COMPRESSED FORMAT:              NO
 GRADIENT METHOD USED:     NOSLOW
 SIGDIGITS ETAHAT (SIGLO):                  -1
 SIGDIGITS GRADIENTS (SIGL):                -1
 EXCLUDE COV FOR FOCE (NOFCOV):              NO
 Cholesky Transposition of R Matrix (CHOLROFF):0
 KNUTHSUMOFF:                                -1
 RESUME COV ANALYSIS (RESUME):               NO
 SIR SAMPLE SIZE (SIRSAMPLE):
 NON-LINEARLY TRANSFORM THETAS DURING COV (THBND): 1
 PRECONDTIONING CYCLES (PRECOND):        2
 PRECONDTIONING TYPES (PRECONDS):        TOS
 FORCED PRECONDTIONING CYCLES (PFCOND):0
 PRECONDTIONING TYPE (PRETYPE):        0
 FORCED POS. DEFINITE SETTING DURING PRECONDITIONING: (FPOSDEF):0
 SIMPLE POS. DEFINITE SETTING: (POSDEF):-1
1DOUBLE PRECISION PREDPP VERSION 7.5.1

 GENERAL NONLINEAR KINETICS MODEL (DVERK1, ADVAN6)
0MODEL SUBROUTINE USER-SUPPLIED - ID NO. 9999
0MAXIMUM NO. OF BASIC PK PARAMETERS:   4
0COMPARTMENT ATTRIBUTES
 COMPT. NO.   FUNCTION   INITIAL    ON/OFF      DOSE      DEFAULT    DEFAULT
                         STATUS     ALLOWED    ALLOWED    FOR DOSE   FOR OBS.
    1         DEPOT        ON         YES        YES        YES        NO
    2         CENTRAL      ON         YES        NO         NO         YES
    3         OUTPUT       OFF        YES        NO         NO         NO
 INITIAL (BASE) TOLERANCE SETTINGS:
 NRD (RELATIVE) VALUE OF TOLERANCE:   7
 ANRD (ABSOLUTE) VALUE OF TOLERANCE:  12
1
 ADDITIONAL PK PARAMETERS - ASSIGNMENT OF ROWS IN GG
 COMPT. NO.                             INDICES
              SCALE      BIOAVAIL.   ZERO-ORDER  ZERO-ORDER  ABSORB
                         FRACTION    RATE        DURATION    LAG
    1            *           *           *           *           *
    2            5           -           -           -           -
    3            *           -           -           -           -
             - PARAMETER IS NOT ALLOWED FOR THIS MODEL
             * PARAMETER IS NOT SUPPLIED BY PK SUBROUTINE;
               WILL DEFAULT TO ONE IF APPLICABLE
0DATA ITEM INDICES USED BY PRED ARE:
   EVENT ID DATA ITEM IS DATA ITEM NO.:      6
   TIME DATA ITEM IS DATA ITEM NO.:          2
   DOSE AMOUNT DATA ITEM IS DATA ITEM NO.:   3

0PK SUBROUTINE CALLED WITH EVERY EVENT RECORD.
 PK SUBROUTINE NOT CALLED AT NONEVENT (ADDITIONAL OR LAGGED) DOSE TIMES.
0ERROR SUBROUTINE CALLED WITH EVERY EVENT RECORD.
0DES SUBROUTINE USES COMPACT STORAGE MODE.
1


 #TBLN:      1
 #METH: First Order Conditional Estimation with Interaction

 ESTIMATION STEP OMITTED:                 NO
 ANALYSIS TYPE:                           POPULATION
 NUMBER OF SADDLE POINT RESET ITERATIONS:      0
 GRADIENT METHOD USED:               NOSLOW
 CONDITIONAL ESTIMATES USED:              YES
 CENTERED ETA:                            NO
 EPS-ETA INTERACTION:                     YES
 LAPLACIAN OBJ. FUNC.:                    NO
 NO. OF FUNCT. EVALS. ALLOWED:            9999
 NO. OF SIG. FIGURES REQUIRED:            3
 INTERMEDIATE PRINTOUT:                   YES
 ESTIMATE OUTPUT TO MSF:                  NO
 ABORT WITH PRED EXIT CODE 1:             NO
 IND. OBJ. FUNC. VALUES SORTED:           NO
 NUMERICAL DERIVATIVE
       FILE REQUEST (NUMDER):               NONE
 MAP (ETAHAT) ESTIMATION METHOD (OPTMAP):   0
 ETA HESSIAN EVALUATION METHOD (ETADER):    0
 INITIAL ETA FOR MAP ESTIMATION (MCETA):    0
 SIGDIGITS FOR MAP ESTIMATION (SIGLO):      100
 GRADIENT SIGDIGITS OF
       FIXED EFFECTS PARAMETERS (SIGL):     100
 NOPRIOR SETTING (NOPRIOR):                 0
 NOCOV SETTING (NOCOV):                     OFF
 DERCONT SETTING (DERCONT):                 OFF
 FINAL ETA RE-EVALUATION (FNLETA):          1
 EXCLUDE NON-INFLUENTIAL (NON-INFL.) ETAS
       IN SHRINKAGE (ETASTYPE):             NO
 NON-INFL. ETA CORRECTION (NONINFETA):      0
 RAW OUTPUT FILE (FILE): run6.ext
 EXCLUDE TITLE (NOTITLE):                   NO
 EXCLUDE COLUMN LABELS (NOLABEL):           NO
 FORMAT FOR ADDITIONAL FILES (FORMAT):      S1PE12.5
 PARAMETER ORDER FOR OUTPUTS (ORDER):       TSOL
 KNUTHSUMOFF:                               0
 INCLUDE LNTWOPI:                           NO
 INCLUDE CONSTANT TERM TO PRIOR (PRIORC):   NO
 INCLUDE CONSTANT TERM TO OMEGA (ETA) (OLNTWOPI):NO
 ADDITIONAL CONVERGENCE TEST (CTYPE=4)?:    NO
 EM OR BAYESIAN METHOD USED:                 NONE

 TOLERANCES FOR ESTIMATION/EVALUATION STEP:
 NRD (RELATIVE) VALUE OF TOLERANCE:   7
 ANRD (ABSOLUTE) VALUE OF TOLERANCE:  12
 TOLERANCES FOR COVARIANCE STEP:
 NRD (RELATIVE) VALUE OF TOLERANCE:   7
 ANRD (ABSOLUTE) VALUE OF TOLERANCE:  12

 THE FOLLOWING LABELS ARE EQUIVALENT
 PRED=PREDI
 RES=RESI
 WRES=WRESI
 IWRS=IWRESI
 IPRD=IPREDI
 IRS=IRESI

 MONITORING OF SEARCH:


0ITERATION NO.:    0    OBJECTIVE VALUE:   7050.88529244838        NO. OF FUNC. EVALS.:   8
 CUMULATIVE NO. OF FUNC. EVALS.:        8
 NPARAMETR:  1.2000E+03  1.2000E+03  1.5000E+01  1.2000E+00  1.0000E-01  5.0000E-02  5.0000E-02  1.0000E-01  5.0000E-02  1.0000E-01
             1.0000E+00  3.0000E-01
 PARAMETER:  1.0000E-01  1.0000E-01  1.0000E-01  1.0000E-01  1.0000E-01  1.0000E-01  1.0000E-01  1.0000E-01  1.0000E-01  1.0000E-01
             1.0000E-01  1.0000E-01
 GRADIENT:  -1.0480E+02  3.1132E+01  7.5362E+01 -9.0448E+00 -1.9398E+01  5.3308E+01 -8.0625E+01 -3.3036E+00 -4.5252E+01 -3.4234E+01
            -2.1589E-01  8.6907E+01

0ITERATION NO.:   47    OBJECTIVE VALUE:   7013.22948834107        NO. OF FUNC. EVALS.: 630
 CUMULATIVE NO. OF FUNC. EVALS.:      638
 NPARAMETR:  1.9129E+03  2.6285E+03  1.2648E+01  1.1064E+00  2.3385E-01  3.1439E-01  1.9031E-01  6.4652E-01  2.9818E-01  1.6287E-01
             5.6440E+00  2.1810E-01
 PARAMETER:  1.1039E+00  2.5104E+00 -1.7389E-01 -3.2606E-02  5.2476E-01  4.1118E-01  2.4889E-01  6.4674E-01  9.8007E-02 -8.0525E+00
             9.6530E-01 -5.9415E-02
 GRADIENT:  -1.3472E-02  3.5898E-02  1.9230E-02 -8.3950E-02 -1.3829E-01  1.2642E-01  3.2381E-02  1.1681E-01  4.4172E-01  4.4523E-04
             2.6124E-02  6.7859E-01

 #TERM:
0MINIMIZATION SUCCESSFUL
 HOWEVER, PROBLEMS OCCURRED WITH THE MINIMIZATION.
 REGARD THE RESULTS OF THE ESTIMATION STEP CAREFULLY, AND ACCEPT THEM ONLY
 AFTER CHECKING THAT THE COVARIANCE STEP PRODUCES REASONABLE OUTPUT.
 NO. OF FUNCTION EVALUATIONS USED:      638
 NO. OF SIG. DIGITS IN FINAL EST.:  3.0

 ETABAR IS THE ARITHMETIC MEAN OF THE ETA-ESTIMATES,
 AND THE P-VALUE IS GIVEN FOR THE NULL HYPOTHESIS THAT THE TRUE MEAN IS 0.

 ETABAR:        -1.0812E-02 -5.2308E-02 -1.5941E-02
 SE:             5.7660E-02  9.3684E-02  4.8123E-02
 N:                      60          60          60

 P VAL.:         8.5126E-01  5.7661E-01  7.4045E-01

 ETASHRINKSD(%)  7.6413E+00  9.7500E+00  7.6366E+00
 ETASHRINKVR(%)  1.4699E+01  1.8549E+01  1.4690E+01
 EBVSHRINKSD(%)  5.4574E+00  8.6587E+00  5.8692E+00
 EBVSHRINKVR(%)  1.0617E+01  1.6568E+01  1.1394E+01
 RELATIVEINF(%)  2.5238E-06  3.3125E-06  6.7996E-06
 EPSSHRINKSD(%)  8.2241E+00  8.2241E+00
 EPSSHRINKVR(%)  1.5772E+01  1.5772E+01

  
 TOTAL DATA POINTS NORMALLY DISTRIBUTED (N):          420
 N*LOG(2PI) CONSTANT TO OBJECTIVE FUNCTION:    771.90836789192508     
 OBJECTIVE FUNCTION VALUE WITHOUT CONSTANT:    7013.2294883410723     
 OBJECTIVE FUNCTION VALUE WITH CONSTANT:       7785.1378562329974     
 REPORTED OBJECTIVE FUNCTION DOES NOT CONTAIN CONSTANT
  
 TOTAL EFFECTIVE ETAS (NIND*NETA):                           180
  
 #TERE:
 Elapsed estimation  time in seconds:    79.61
 TESTING R MATRIX FOR POSITIVE DEFINITNESS
 R MATRIX IS NOT POSITIVE DEFINITE
 PRECONDITIONING CYCLE NO.            1
 TESTING R MATRIX FOR POSITIVE DEFINITNESS
 R MATRIX IS NOT POSITIVE DEFINITE
 PRECONDITIONING CYCLE NO.            2
 Elapsed covariance  time in seconds:   107.46
 Elapsed postprocess time in seconds:     0.00
1
 
 
 
 
 
 
 
 
 
 
 
 
 
 
 
 
 
 
 
 
 ************************************************************************************************************************
 ********************                                                                                ********************
 ********************               FIRST ORDER CONDITIONAL ESTIMATION WITH INTERACTION              ********************
 #OBJT:**************                       MINIMUM VALUE OF OBJECTIVE FUNCTION                      ********************
 ********************                                                                                ********************
 ************************************************************************************************************************
 





 #OBJV:********************************************     7013.229       **************************************************
1
 ************************************************************************************************************************
 ********************                                                                                ********************
 ********************               FIRST ORDER CONDITIONAL ESTIMATION WITH INTERACTION              ********************
 ********************                             FINAL PARAMETER ESTIMATE                           ********************
 ********************                                                                                ********************
 ************************************************************************************************************************
 


 THETA - VECTOR OF FIXED EFFECTS PARAMETERS   *********


         TH 1      TH 2      TH 3      TH 4     
 
         1.91E+03  2.63E+03  1.26E+01  1.11E+00
 


 OMEGA - COV MATRIX FOR RANDOM EFFECTS - ETAS  ********


         ETA1      ETA2      ETA3     
 
 ETA1
+        2.34E-01
 
 ETA2
+        3.14E-01  6.47E-01
 
 ETA3
+        1.90E-01  2.98E-01  1.63E-01
 


 SIGMA - COV MATRIX FOR RANDOM EFFECTS - EPSILONS  ****


         EPS1      EPS2     
 
 EPS1
+        5.64E+00
 
 EPS2
+        0.00E+00  2.18E-01
 
1


 OMEGA - CORR MATRIX FOR RANDOM EFFECTS - ETAS  *******


         ETA1      ETA2      ETA3     
 
 ETA1
+        4.84E-01
 
 ETA2
+        8.09E-01  8.04E-01
 
 ETA3
+        9.75E-01  9.19E-01  4.04E-01
 


 SIGMA - CORR MATRIX FOR RANDOM EFFECTS - EPSILONS  ***


         EPS1      EPS2     
 
 EPS1
+        2.38E+00
 
 EPS2
+        0.00E+00  4.67E-01
 
1
 ************************************************************************************************************************
 ********************                                                                                ********************
 ********************               FIRST ORDER CONDITIONAL ESTIMATION WITH INTERACTION              ********************
 ********************                            STANDARD ERROR OF ESTIMATE                          ********************
 ********************                                                                                ********************
 ************************************************************************************************************************
 


 THETA - VECTOR OF FIXED EFFECTS PARAMETERS   *********


         TH 1      TH 2      TH 3      TH 4     
 
         1.95E+03  5.40E+04  3.76E+01  7.15E+00
 


 OMEGA - COV MATRIX FOR RANDOM EFFECTS - ETAS  ********


         ETA1      ETA2      ETA3     
 
 ETA1
+        1.86E-01
 
 ETA2
+        1.09E+00  2.28E-01
 
 ETA3
+        9.26E-02  1.30E-01  1.27E-01
 


 SIGMA - COV MATRIX FOR RANDOM EFFECTS - EPSILONS  ****


         EPS1      EPS2     
 
 EPS1
+        8.97E-01
 
 EPS2
+       .........  4.06E-03
 
1


 OMEGA - CORR MATRIX FOR RANDOM EFFECTS - ETAS  *******


         ETA1      ETA2      ETA3     
 
 ETA1
+        1.92E-01
 
 ETA2
+        2.61E+00  1.42E-01
 
 ETA3
+        4.67E-01  9.20E-01  1.57E-01
 


 SIGMA - CORR MATRIX FOR RANDOM EFFECTS - EPSILONS  ***


         EPS1      EPS2     
 
 EPS1
+        1.89E-01
 
 EPS2
+       .........  4.35E-03
 
1
 ************************************************************************************************************************
 ********************                                                                                ********************
 ********************               FIRST ORDER CONDITIONAL ESTIMATION WITH INTERACTION              ********************
 ********************                          COVARIANCE MATRIX OF ESTIMATE                         ********************
 ********************                                                                                ********************
 ************************************************************************************************************************
 

            TH 1      TH 2      TH 3      TH 4      OM11      OM12      OM13      OM22      OM23      OM33      SG11      SG12  
             SG22  
 
 TH 1
+        3.81E+06
 
 TH 2
+       -1.05E+08  2.92E+09
 
 TH 3
+        7.34E+04 -2.03E+06  1.41E+03
 
 TH 4
+        1.40E+04 -3.86E+05  2.69E+02  5.12E+01
 
 OM11
+       -3.63E+02  1.00E+04 -6.99E+00 -1.33E+00  3.46E-02
 
 OM12
+       -2.12E+03  5.86E+04 -4.08E+01 -7.76E+00  2.02E-01  1.18E+00
 
 OM13
+       -1.81E+02  5.00E+03 -3.48E+00 -6.62E-01  1.72E-02  1.01E-01  8.57E-03
 
 OM22
+        4.45E+02 -1.23E+04  8.58E+00  1.63E+00 -4.24E-02 -2.48E-01 -2.11E-02  5.20E-02
 
 OM23
+       -2.53E+02  7.01E+03 -4.88E+00 -9.28E-01  2.41E-02  1.41E-01  1.20E-02 -2.96E-02  1.68E-02
 
 OM33
+        2.48E+02 -6.86E+03  4.78E+00  9.09E-01 -2.36E-02 -1.38E-01 -1.18E-02  2.90E-02 -1.65E-02  1.61E-02
 
 SG11
+       -1.75E+03  4.84E+04 -3.37E+01 -6.41E+00  1.67E-01  9.73E-01  8.30E-02 -2.04E-01  1.16E-01 -1.14E-01  8.04E-01
 
 SG12
+       ......... ......... ......... ......... ......... ......... ......... ......... ......... ......... ......... .........
 
 SG22
+        7.93E+00 -2.19E+02  1.53E-01  2.90E-02 -7.55E-04 -4.41E-03 -3.76E-04  9.26E-04 -5.27E-04  5.16E-04 -3.64E-03 .........
          1.65E-05
 
1
 ************************************************************************************************************************
 ********************                                                                                ********************
 ********************               FIRST ORDER CONDITIONAL ESTIMATION WITH INTERACTION              ********************
 ********************                          CORRELATION MATRIX OF ESTIMATE                        ********************
 ********************                                                                                ********************
 ************************************************************************************************************************
 

            TH 1      TH 2      TH 3      TH 4      OM11      OM12      OM13      OM22      OM23      OM33      SG11      SG12  
             SG22  
 
 TH 1
+        1.95E+03
 
 TH 2
+       -1.00E+00  5.40E+04
 
 TH 3
+        1.00E+00 -1.00E+00  3.76E+01
 
 TH 4
+        1.00E+00 -1.00E+00  1.00E+00  7.15E+00
 
 OM11
+       -1.00E+00  1.00E+00 -1.00E+00 -1.00E+00  1.86E-01
 
 OM12
+       -1.00E+00  1.00E+00 -1.00E+00 -1.00E+00  1.00E+00  1.09E+00
 
 OM13
+       -1.00E+00  1.00E+00 -1.00E+00 -1.00E+00  1.00E+00  1.00E+00  9.26E-02
 
 OM22
+        9.99E-01 -1.00E+00  1.00E+00  1.00E+00 -1.00E+00 -1.00E+00 -1.00E+00  2.28E-01
 
 OM23
+       -1.00E+00  1.00E+00 -1.00E+00 -1.00E+00  1.00E+00  1.00E+00  1.00E+00 -1.00E+00  1.30E-01
 
 OM33
+        1.00E+00 -1.00E+00  1.00E+00  1.00E+00 -1.00E+00 -1.00E+00 -1.00E+00  1.00E+00 -1.00E+00  1.27E-01
 
 SG11
+       -1.00E+00  1.00E+00 -1.00E+00 -1.00E+00  1.00E+00  1.00E+00  1.00E+00 -1.00E+00  1.00E+00 -1.00E+00  8.97E-01
 
 SG12
+       ......... ......... ......... ......... ......... ......... ......... ......... ......... ......... ......... .........
 
 SG22
+        1.00E+00 -1.00E+00  1.00E+00  1.00E+00 -1.00E+00 -1.00E+00 -1.00E+00  1.00E+00 -1.00E+00  1.00E+00 -1.00E+00 .........
          4.06E-03
 
1
 ************************************************************************************************************************
 ********************                                                                                ********************
 ********************               FIRST ORDER CONDITIONAL ESTIMATION WITH INTERACTION              ********************
 ********************                      INVERSE COVARIANCE MATRIX OF ESTIMATE                     ********************
 ********************                                                                                ********************
 ************************************************************************************************************************
 

            TH 1      TH 2      TH 3      TH 4      OM11      OM12      OM13      OM22      OM23      OM33      SG11      SG12  
             SG22  
 
 TH 1
+        1.12E+00
 
 TH 2
+       -1.20E+00  1.91E+00
 
 TH 3
+        2.13E+02  4.26E+02  8.69E+05
 
 TH 4
+       -4.66E+03  4.15E+03 -2.00E+06  2.13E+07
 
 OM11
+        1.12E+18 -1.07E+18  3.62E+20 -4.83E+21  1.24E+36
 
 OM12
+        7.54E+17 -7.24E+17  2.45E+20 -3.27E+21  8.40E+35  5.68E+35
 
 OM13
+       -3.99E+18  3.83E+18 -1.29E+21  1.73E+22 -4.44E+36 -3.00E+36  1.59E+37
 
 OM22
+        1.27E+17 -1.22E+17  4.14E+19 -5.52E+20  1.42E+35  9.59E+34 -5.07E+35  1.62E+34
 
 OM23
+       -1.35E+18  1.29E+18 -4.38E+20  5.84E+21 -1.50E+36 -1.01E+36  5.37E+36 -1.71E+35  1.81E+36
 
 OM33
+        3.56E+18 -3.42E+18  1.16E+21 -1.54E+22  3.97E+36  2.68E+36 -1.42E+37  4.53E+35 -4.80E+36  1.27E+37
 
 SG11
+       -3.67E+07  3.52E+07 -1.19E+10  1.59E+11 -4.08E+25 -2.76E+25  1.46E+26 -4.66E+24  4.93E+25 -1.30E+26  1.34E+15
 
 SG12
+       ......... ......... ......... ......... ......... ......... ......... ......... ......... ......... ......... .........
 
 SG22
+       -1.79E+10  1.72E+10 -5.79E+12  7.74E+13 -1.99E+28 -1.35E+28  7.12E+28 -2.27E+27  2.41E+28 -6.36E+28  6.54E+17 .........
          3.19E+20
 
 Elapsed finaloutput time in seconds:     0.03
 #CPUT: Total CPU Time in Seconds,      183.391
Stop Time: 
Tue 05/14/2024 
10:18 AM
